// Jest Snapshot v1, https://goo.gl/fbAQLP

exports[`Button render correctly 1`] = `
<div
  class="yy-row"
>
  <div
    class="yy-col"
  >
    test
  </div>
</div>
`;
