// Jest Snapshot v1, https://goo.gl/fbAQLP

exports[`render correctly 1`] = `
<div
  class="yy-card"
>
  <div
    class="yy-card-body"
  >
    Test
  </div>
</div>
`;
