// Jest Snapshot v1, https://goo.gl/fbAQLP

exports[`render correctly 1`] = `
<div
  class="yy-divider yy-divider-horizontal"
>
  <span
    class="text"
  >
    Test
  </span>
</div>
`;
