// Jest Snapshot v1, https://goo.gl/fbAQLP

exports[`Button render correctly 1`] = `
<button
  class="yy-btn"
>
  Test
</button>
`;
